398 cases, 436 target terms, 348 of them with a swapped variant
  translator-base 100/398  (76s)
  translator-base 200/398  (128s)
  translator-base 300/398  (184s)
  translator-base done in 245s
  translator-base variant 100/348  (54s)
  translator-base variant 200/348  (104s)
  translator-base variant 300/348  (191s)
  translator-base variant done in 273s
  translator 100/398  (159s)
  translator 200/398  (312s)
  translator 300/398  (479s)
  translator done in 644s
  translator variant 100/348  (173s)
  translator variant 200/348  (332s)
  translator variant 300/348  (518s)
  translator variant done in 597s

                        term recall      95% interval   same sentence,    gap    BLEU   chrF2
                          (Bosnian)                            swapped
  translator-base            91.5%  [ 88.5,  93.8]            88.8%   +1.8    37.6    67.5
  translator                 92.0%  [ 89.0,  94.2]            89.6%   +1.6    43.3    68.5
  targets                     436                               385

by category — term recall on the Bosnian form, and the swapped gap
                                     h             lex             yat
  translator-base           85.7%  +0.0      97.5%  +1.8      88.2%  +1.8
  translator                85.7%  +0.0      98.7%  +2.7      88.2%  +1.1
  targets                            7             157             272

translator - translator-base: +0.5 points of term recall, paired bootstrap p = 0.3540  (does not clear 0.05)

checks on the measurement
  reference control         100.0%   (436 targets)
  copy control                0.0%   (436 targets)
  variant control             3.0%   of swapped targets scored differently from the Bosnian one

missed most often by translator-base: cijelo (2), cijelom (2), namjerom (2), izmijeni (2), vrijeme (1), oktobra (1), posjete (1), dijela (1), mijenjaju (1), rješenja (1), posjeta (1), vijeka (1)

missed most often by translator: cijelo (2), namjerom (2), bijes (2), izmijeni (2), vrijeme (1), posjete (1), dijela (1), mijenjaju (1), rješenja (1), cijelom (1), posjeta (1), vijeka (1)

translator fixed 9 targets the base model missed and broke 7 it had right
  broke: bijes, bijes, smjeru, usmjeren, uspjeh, zahtjevima, čovjek
